
==========================================================================
COMPARACAO DAS FAMILIAS — ALVO A (existe interacao documentada?)
==========================================================================
Pares: 457.446   positivos: 94.770   prevalencia: 0.207

--- SPLIT POR_PAR
    treino                                                    320.212 positivos 66444
    validacao                                                  68.617 positivos 14233
    teste                                                      68.617 positivos 14093
    arestas no grafo de atributos                              66.444 (so positivas de treino)
    substancias com grau>0 nesse grafo                            944 

  configuracao COMPLETO — 137 atributos
    matriz (457446, 137) construida em 25.8s
  PREVALENCIA / teste                AUC 0,5000  PR-AUC 0,2054 (piso 0,205)  F1 0,341  rec 1,000  esp 0,000  (0.0s)
  REGRA_ATC_N2 / teste               AUC 0,5176  PR-AUC 0,2164 (piso 0,205)  F1 0,341  rec 1,000  esp 0,000  (0.1s)
  TABELA_CLASSE_x_CLASSE / teste     AUC 0,7324  PR-AUC 0,4523 (piso 0,205)  F1 0,465  rec 0,590  esp 0,756  (0.4s)
  LOGISTICA / teste                  AUC 0,9237  PR-AUC 0,7920 (piso 0,205)  F1 0,714  rec 0,731  esp 0,918  (5.2s)
  LOGISTICA_PESO_BALANCEADO / teste  AUC 0,9251  PR-AUC 0,7905 (piso 0,205)  F1 0,714  rec 0,754  esp 0,907  (4.0s)
  ARVORE / teste                     AUC 0,9175  PR-AUC 0,7745 (piso 0,205)  F1 0,702  rec 0,736  esp 0,907  (5.3s)
  FLORESTA / teste                   AUC 0,9442  PR-AUC 0,8424 (piso 0,205)  F1 0,748  rec 0,748  esp 0,935  (45.4s)
  GRADIENT_BOOSTING / teste          AUC 0,9432  PR-AUC 0,8415 (piso 0,205)  F1 0,750  rec 0,791  esp 0,917  (58.5s)
  SVM_LINEAR / teste                 AUC 0,9233  PR-AUC 0,7924 (piso 0,205)  F1 0,711  rec 0,715  esp 0,923  (15.5s)
  GRAFO_ADAMIC_ADAR / teste          AUC 0,9074  PR-AUC 0,7593 (piso 0,205)  F1 0,681  rec 0,687  esp 0,914  (7.4s)

  configuracao SEM_GRAFO — 130 atributos
    matriz (457446, 130) construida em 8.7s
  LOGISTICA / teste                  AUC 0,7625  PR-AUC 0,4753 (piso 0,205)  F1 0,485  rec 0,615  esp 0,762  (3.4s)
  LOGISTICA_PESO_BALANCEADO / teste  AUC 0,7629  PR-AUC 0,4716 (piso 0,205)  F1 0,485  rec 0,635  esp 0,746  (1.8s)
  ARVORE / teste                     AUC 0,7200  PR-AUC 0,4192 (piso 0,205)  F1 0,443  rec 0,736  esp 0,590  (4.0s)
  FLORESTA / teste                   AUC 0,8607  PR-AUC 0,6555 (piso 0,205)  F1 0,606  rec 0,672  esp 0,859  (44.2s)
  GRADIENT_BOOSTING / teste          AUC 0,8588  PR-AUC 0,6626 (piso 0,205)  F1 0,606  rec 0,654  esp 0,870  (34.1s)
  SVM_LINEAR / teste                 AUC 0,7596  PR-AUC 0,4728 (piso 0,205)  F1 0,479  rec 0,659  esp 0,717  (2.1s)

--- SPLIT POR_FARMACO
    treino                                                    223.446 positivos 46480
    validacao                                                 107.445 positivos 22286
    teste                                                     126.555 positivos 26004
    arestas no grafo de atributos                              46.480 (so positivas de treino)
    substancias com grau>0 nesse grafo                            661 

  configuracao COMPLETO — 137 atributos
    matriz (457446, 137) construida em 25.6s
  PREVALENCIA / teste                AUC 0,5000  PR-AUC 0,2055 (piso 0,205)  F1 0,341  rec 1,000  esp 0,000  (0.0s)
     `-> FRIO_FRIO                   AUC 0,5000  PR-AUC 0,2037 (piso 0,204)  F1 0,338  rec 1,000  esp 0,000
  REGRA_ATC_N2 / teste               AUC 0,5219  PR-AUC 0,2194 (piso 0,205)  F1 0,341  rec 1,000  esp 0,000  (0.1s)
     `-> FRIO_FRIO                   AUC 0,5279  PR-AUC 0,2219 (piso 0,204)  F1 0,338  rec 1,000  esp 0,000
  TABELA_CLASSE_x_CLASSE / teste     AUC 0,7029  PR-AUC 0,4252 (piso 0,205)  F1 0,447  rec 0,587  esp 0,730  (0.6s)
     `-> FRIO_FRIO                   AUC 0,6867  PR-AUC 0,4065 (piso 0,204)  F1 0,427  rec 0,555  esp 0,732
  LOGISTICA / teste                  AUC 0,3415  PR-AUC 0,1665 (piso 0,205)  F1 0,340  rec 0,997  esp 0,000  (3.8s)
     `-> FRIO_FRIO                   AUC 0,4290  PR-AUC 0,2068 (piso 0,204)  F1 0,338  rec 1,000  esp 0,000
  LOGISTICA_PESO_BALANCEADO / teste  AUC 0,3417  PR-AUC 0,1645 (piso 0,205)  F1 0,340  rec 0,998  esp 0,000  (3.2s)
     `-> FRIO_FRIO                   AUC 0,4351  PR-AUC 0,1958 (piso 0,204)  F1 0,338  rec 1,000  esp 0,000
  ARVORE / teste                     AUC 0,4949  PR-AUC 0,2052 (piso 0,205)  F1 0,341  rec 1,000  esp 0,000  (5.3s)
     `-> FRIO_FRIO                   AUC 0,4912  PR-AUC 0,2037 (piso 0,204)  F1 0,338  rec 1,000  esp 0,000
  FLORESTA / teste                   AUC 0,6774  PR-AUC 0,3565 (piso 0,205)  F1 0,414  rec 0,595  esp 0,669  (28.8s)
     `-> FRIO_FRIO                   AUC 0,6547  PR-AUC 0,3185 (piso 0,204)  F1 0,402  rec 0,610  esp 0,636
  GRADIENT_BOOSTING / teste          AUC 0,5626  PR-AUC 0,2406 (piso 0,205)  F1 0,345  rec 0,822  esp 0,238  (26.6s)
     `-> FRIO_FRIO                   AUC 0,5341  PR-AUC 0,2128 (piso 0,204)  F1 0,329  rec 0,761  esp 0,269
  SVM_LINEAR / teste                 AUC 0,3398  PR-AUC 0,1639 (piso 0,205)  F1 0,340  rec 0,997  esp 0,000  (11.2s)
     `-> FRIO_FRIO                   AUC 0,4082  PR-AUC 0,1911 (piso 0,204)  F1 0,338  rec 1,000  esp 0,000
  GRAFO_ADAMIC_ADAR / teste          AUC 0,5000  PR-AUC 0,2055 (piso 0,205)  F1 0,341  rec 1,000  esp 0,000  (6.6s)
     `-> FRIO_FRIO                   AUC 0,5000  PR-AUC 0,2037 (piso 0,204)  F1 0,338  rec 1,000  esp 0,000

  configuracao SEM_GRAFO — 130 atributos
    matriz (457446, 130) construida em 9.3s
  LOGISTICA / teste                  AUC 0,7339  PR-AUC 0,4424 (piso 0,205)  F1 0,456  rec 0,604  esp 0,730  (1.8s)
     `-> FRIO_FRIO                   AUC 0,7144  PR-AUC 0,4182 (piso 0,204)  F1 0,440  rec 0,558  esp 0,750
  LOGISTICA_PESO_BALANCEADO / teste  AUC 0,7346  PR-AUC 0,4408 (piso 0,205)  F1 0,455  rec 0,638  esp 0,699  (1.6s)
     `-> FRIO_FRIO                   AUC 0,7151  PR-AUC 0,4178 (piso 0,204)  F1 0,439  rec 0,592  esp 0,717
  ARVORE / teste                     AUC 0,7156  PR-AUC 0,4055 (piso 0,205)  F1 0,436  rec 0,491  esp 0,803  (3.2s)
     `-> FRIO_FRIO                   AUC 0,7147  PR-AUC 0,4075 (piso 0,204)  F1 0,433  rec 0,479  esp 0,812
  FLORESTA / teste                   AUC 0,7935  PR-AUC 0,5460 (piso 0,205)  F1 0,515  rec 0,631  esp 0,788  (28.2s)
     `-> FRIO_FRIO                   AUC 0,7342  PR-AUC 0,4591 (piso 0,204)  F1 0,448  rec 0,545  esp 0,772
  GRADIENT_BOOSTING / teste          AUC 0,7879  PR-AUC 0,5377 (piso 0,205)  F1 0,513  rec 0,616  esp 0,797  (25.1s)
     `-> FRIO_FRIO                   AUC 0,7382  PR-AUC 0,4475 (piso 0,204)  F1 0,458  rec 0,533  esp 0,796
  SVM_LINEAR / teste                 AUC 0,7330  PR-AUC 0,4390 (piso 0,205)  F1 0,457  rec 0,604  esp 0,730  (5.2s)
     `-> FRIO_FRIO                   AUC 0,7139  PR-AUC 0,4137 (piso 0,204)  F1 0,440  rec 0,561  esp 0,748

  configuracao SO_ATC — 102 atributos
    matriz (457446, 102) construida em 4.0s
  LOGISTICA / teste                  AUC 0,6777  PR-AUC 0,3616 (piso 0,205)  F1 0,409  rec 0,596  esp 0,658  (1.3s)
     `-> FRIO_FRIO                   AUC 0,6666  PR-AUC 0,3481 (piso 0,204)  F1 0,397  rec 0,574  esp 0,664
  GRADIENT_BOOSTING / teste          AUC 0,7146  PR-AUC 0,4308 (piso 0,205)  F1 0,438  rec 0,556  esp 0,746  (15.0s)
     `-> FRIO_FRIO                   AUC 0,6930  PR-AUC 0,4039 (piso 0,204)  F1 0,413  rec 0,519  esp 0,746

  configuracao SO_GRAFO — 7 atributos
    matriz (457446, 7) construida em 7.4s
  LOGISTICA / teste                  AUC 0,3468  PR-AUC 0,1677 (piso 0,205)  F1 0,341  rec 1,000  esp 0,000  (0.3s)
     `-> FRIO_FRIO                   AUC 0,5000  PR-AUC 0,2037 (piso 0,204)  F1 0,338  rec 1,000  esp 0,000
  GRADIENT_BOOSTING / teste          AUC 0,4501  PR-AUC 0,1890 (piso 0,205)  F1 0,341  rec 1,000  esp 0,000  (8.6s)
     `-> FRIO_FRIO                   AUC 0,5000  PR-AUC 0,2037 (piso 0,204)  F1 0,338  rec 1,000  esp 0,000

  configuracao SO_REG — 10 atributos
    matriz (457446, 10) construida em 2.8s
  LOGISTICA / teste                  AUC 0,6258  PR-AUC 0,3144 (piso 0,205)  F1 0,374  rec 0,592  esp 0,592  (0.3s)
     `-> FRIO_FRIO                   AUC 0,5957  PR-AUC 0,2949 (piso 0,204)  F1 0,347  rec 0,534  esp 0,604
  GRADIENT_BOOSTING / teste          AUC 0,6526  PR-AUC 0,3475 (piso 0,205)  F1 0,389  rec 0,519  esp 0,703  (4.4s)
     `-> FRIO_FRIO                   AUC 0,6218  PR-AUC 0,3043 (piso 0,204)  F1 0,358  rec 0,450  esp 0,728

  configuracao SEM_POPULARIDADE — 120 atributos
    matriz (457446, 120) construida em 8.4s
  LOGISTICA / teste                  AUC 0,7176  PR-AUC 0,4259 (piso 0,205)  F1 0,442  rec 0,634  esp 0,680  (1.4s)
     `-> FRIO_FRIO                   AUC 0,7025  PR-AUC 0,4123 (piso 0,204)  F1 0,421  rec 0,592  esp 0,689
  GRADIENT_BOOSTING / teste          AUC 0,7581  PR-AUC 0,4992 (piso 0,205)  F1 0,485  rec 0,683  esp 0,708  (32.9s)
     `-> FRIO_FRIO                   AUC 0,7187  PR-AUC 0,4428 (piso 0,204)  F1 0,454  rec 0,632  esp 0,705

40 execucoes gravadas em ml/saida/20_resultados.json
